------------------------------------------------------------
TimeQuest Timing Analyzer Summary
------------------------------------------------------------

Type  : Slow Model Setup 'clock'
Slack : -2.093
TNS   : -17.362

Type  : Slow Model Setup 'y[1]'
Slack : -0.764
TNS   : -2.586

Type  : Slow Model Setup 'y[0]'
Slack : -0.577
TNS   : -1.838

Type  : Slow Model Hold 'y[0]'
Slack : -3.228
TNS   : -12.728

Type  : Slow Model Hold 'y[1]'
Slack : -3.041
TNS   : -11.980

Type  : Slow Model Hold 'clock'
Slack : -2.544
TNS   : -10.993

Type  : Slow Model Minimum Pulse Width 'clock'
Slack : -1.380
TNS   : -10.380

Type  : Slow Model Minimum Pulse Width 'y[1]'
Slack : -0.191
TNS   : -4.202

Type  : Slow Model Minimum Pulse Width 'y[0]'
Slack : 0.350
TNS   : 0.000

Type  : Fast Model Setup 'clock'
Slack : -0.323
TNS   : -2.351

Type  : Fast Model Setup 'y[1]'
Slack : -0.006
TNS   : -0.006

Type  : Fast Model Setup 'y[0]'
Slack : 0.081
TNS   : 0.000

Type  : Fast Model Hold 'y[0]'
Slack : -1.788
TNS   : -7.059

Type  : Fast Model Hold 'y[1]'
Slack : -1.701
TNS   : -6.711

Type  : Fast Model Hold 'clock'
Slack : -1.583
TNS   : -8.510

Type  : Fast Model Minimum Pulse Width 'clock'
Slack : -1.380
TNS   : -10.380

Type  : Fast Model Minimum Pulse Width 'y[1]'
Slack : 0.221
TNS   : 0.000

Type  : Fast Model Minimum Pulse Width 'y[0]'
Slack : 0.419
TNS   : 0.000

------------------------------------------------------------
